// Vitest Snapshot v1, https://vitest.dev/guide/snapshot.html

exports[`<GeminiMessage /> - Raw Markdown Display Snapshots > renders pending state with renderMarkdown=false 1`] = `
"✦  Test **bold** and \`code\` markdown

   \`\`\`javascript
   const x = 1;
   \`\`\`"
`;

exports[`<GeminiMessage /> - Raw Markdown Display Snapshots > renders pending state with renderMarkdown=true 1`] = `
"✦ Test bold and code markdown

   1 const x = 1;"
`;

exports[`<GeminiMessage /> - Raw Markdown Display Snapshots > renders with renderMarkdown=false '(raw markdown with syntax highlightin…' 1`] = `
"✦  Test **bold** and \`code\` markdown

   \`\`\`javascript
   const x = 1;
   \`\`\`"
`;

exports[`<GeminiMessage /> - Raw Markdown Display Snapshots > renders with renderMarkdown=true '(default)' 1`] = `
"✦ Test bold and code markdown

   1 const x = 1;"
`;
