// Vitest Snapshot v1, https://vitest.dev/guide/snapshot.html

exports[`<TodoListDisplay /> > renders a single todo item 1`] = `"☐ Single task"`;

exports[`<TodoListDisplay /> > renders a todo list with long descriptions that wrap 1`] = `
"☐ This is a very long description for a
  pending task that should wrap around
  multiple lines when the terminal width
  is constrained.
✓ Another completed task with an equally
  verbose description to test wrapping
  behavior."
`;

exports[`<TodoListDisplay /> > renders a todo list with various statuses correctly 1`] = `
"☐ Task 1
» Task 2
✓ Task 3
✗ Task 4"
`;

exports[`<TodoListDisplay /> > renders an empty todo list correctly 1`] = `""`;
